"shadow*" style props are deprecated. Use "boxShadow".
λ  WARN  Route "./context/RoleContext.tsx" is missing the required default export. Ensure a React component is exported as default. 
  console.warn (C:\Users\RIYA\Sahara2.0\mobile\node_modules\expo\node_modules\@expo\cli\src\start\server\serverLogLikeMetro.ts:161:21)
  getDirectoryTree (C:\Users\RIYA\Sahara2.0\mobile\node_modules\expo-router\build\getRoutesCore.js:311:29)
  getRoutes (C:\Users\RIYA\Sahara2.0\mobile\node_modules\expo-router\build\getRoutesCore.js:23:27)
  getRoutes (C:\Users\RIYA\Sahara2.0\mobile\node_modules\expo-router\build\getRoutes.js:20:41)
  useStore (C:\Users\RIYA\Sahara2.0\mobile\node_modules\expo-router\build\global-state\router-store.js:141:48)
  Component (C:\Users\RIYA\Sahara2.0\mobile\node_modules\expo-router\build\ExpoRoot.js:128:46)
  Object.callComponentInDEV [as react-stack-bottom-frame] (C:\Users\RIYA\Sahara2.0\mobile\node_modules\react-dom\cjs\react-dom-server-legacy.node.development.js:8970:18)
  renderWithHooks (C:\Users\RIYA\Sahara2.0\mobile\node_modules\react-dom\cjs\react-dom-server-legacy.node.development.js:4699:19)
  run (C:\Users\RIYA\Sahara2.0\mobile\node_modules\react-dom\cjs\react-dom-server-legacy.node.development.js:5134:23)
  retryNode (C:\Users\RIYA\Sahara2.0\mobile\node_modules\react-dom\cjs\react-dom-server-legacy.node.development.js:5899:31)
λ  WARN  Layout children must be of type Screen, all other children are ignored. To use custom children, create a custom <Layout />. Update Layout Route at: "app/(tabs)/_layout" 
  console.warn (C:\Users\RIYA\Sahara2.0\mobile\node_modules\expo\node_modules\@expo\cli\src\start\server\serverLogLikeMetro.ts:161:21)
  flattenChild (C:\Users\RIYA\Sahara2.0\mobile\node_modules\expo-router\build\layouts\withLayoutContext.js:91:21)
  apply (C:\Users\RIYA\Sahara2.0\mobile\node_modules\expo-router\build\layouts\withLayoutContext.js:94:55)
  call (C:\Users\RIYA\Sahara2.0\mobile\node_modules\react\cjs\react.development.js:745:25)
  callback (C:\Users\RIYA\Sahara2.0\mobile\node_modules\react\cjs\react.development.js:455:21)
  mapIntoArray (C:\Users\RIYA\Sahara2.0\mobile\node_modules\react\cjs\react.development.js:356:20)
  mapIntoArray (C:\Users\RIYA\Sahara2.0\mobile\node_modules\react\cjs\react.development.js:401:32)
  mapChildren (C:\Users\RIYA\Sahara2.0\mobile\node_modules\react\cjs\react.development.js:454:7)
  Object.forEach (C:\Users\RIYA\Sahara2.0\mobile\node_modules\react\cjs\react.development.js:742:9)
  <unknown> (C:\Users\RIYA\Sahara2.0\mobile\node_modules\expo-router\build\layouts\withLayoutContext.js:94:26)
λ  WARN  Layout children must be of type Screen, all other children are ignored. To use custom children, create a custom <Layout />. Update Layout Route at: "app/(tabs)/_layout" 
  console.warn (C:\Users\RIYA\Sahara2.0\mobile\node_modules\expo\node_modules\@expo\cli\src\start\server\serverLogLikeMetro.ts:161:21)
  flattenChild (C:\Users\RIYA\Sahara2.0\mobile\node_modules\expo-router\build\layouts\withLayoutContext.js:91:21)
  apply (C:\Users\RIYA\Sahara2.0\mobile\node_modules\expo-router\build\layouts\withLayoutContext.js:94:55)
  call (C:\Users\RIYA\Sahara2.0\mobile\node_modules\react\cjs\react.development.js:745:25)
  callback (C:\Users\RIYA\Sahara2.0\mobile\node_modules\react\cjs\react.development.js:455:21)
  mapIntoArray (C:\Users\RIYA\Sahara2.0\mobile\node_modules\react\cjs\react.development.js:356:20)
  mapIntoArray (C:\Users\RIYA\Sahara2.0\mobile\node_modules\react\cjs\react.development.js:401:32)
  mapChildren (C:\Users\RIYA\Sahara2.0\mobile\node_modules\react\cjs\react.development.js:454:7)
  Object.forEach (C:\Users\RIYA\Sahara2.0\mobile\node_modules\react\cjs\react.development.js:742:9)
  <unknown> (C:\Users\RIYA\Sahara2.0\mobile\node_modules\expo-router\build\layouts\withLayoutContext.js:94:26)
λ  WARN  props.pointerEvents is deprecated. Use style.pointerEvents 
  console.warn (C:\Users\RIYA\Sahara2.0\mobile\node_modules\expo\node_modules\@expo\cli\src\start\server\serverLogLikeMetro.ts:161:21)
  warnOnce (C:\Users\RIYA\Sahara2.0\mobile\node_modules\react-native-web\dist\modules\warnOnce\index.js:24:13)
  createDOMProps (C:\Users\RIYA\Sahara2.0\mobile\node_modules\react-native-web\dist\modules\createDOMProps\index.js:805:13)
  createElement (C:\Users\RIYA\Sahara2.0\mobile\node_modules\react-native-web\dist\exports\createElement\index.js:23:32)
  Component (C:\Users\RIYA\Sahara2.0\mobile\node_modules\react-native-web\dist\exports\View\index.js:111:23)
  Object.callComponentInDEV [as react-stack-bottom-frame] (C:\Users\RIYA\Sahara2.0\mobile\node_modules\react-dom\cjs\react-dom-server-legacy.node.development.js:8970:18)
  renderWithHooks (C:\Users\RIYA\Sahara2.0\mobile\node_modules\react-dom\cjs\react-dom-server-legacy.node.development.js:4699:19)
  run (C:\Users\RIYA\Sahara2.0\mobile\node_modules\react-dom\cjs\react-dom-server-legacy.node.development.js:5539:39)
  retryNode (C:\Users\RIYA\Sahara2.0\mobile\node_modules\react-dom\cjs\react-dom-server-legacy.node.development.js:5899:31)
  renderNodeDestructive (C:\Users\RIYA\Sahara2.0\mobile\node_modules\react-dom\cjs\react-dom-server-legacy.node.development.js:5849:11)
"shadow*" style props are deprecated. Use "boxShadow".
λ  WARN  Route "./context/RoleContext.tsx" is missing the required default export. Ensure a React component is exported as default. 
  console.warn (C:\Users\RIYA\Sahara2.0\mobile\node_modules\expo\node_modules\@expo\cli\src\start\server\serverLogLikeMetro.ts:161:21)
  getDirectoryTree (C:\Users\RIYA\Sahara2.0\mobile\node_modules\expo-router\build\getRoutesCore.js:311:29)
  getRoutes (C:\Users\RIYA\Sahara2.0\mobile\node_modules\expo-router\build\getRoutesCore.js:23:27)
  getRoutes (C:\Users\RIYA\Sahara2.0\mobile\node_modules\expo-router\build\getRoutes.js:20:41)
  useStore (C:\Users\RIYA\Sahara2.0\mobile\node_modules\expo-router\build\global-state\router-store.js:141:48)
  Component (C:\Users\RIYA\Sahara2.0\mobile\node_modules\expo-router\build\ExpoRoot.js:128:46)
  Object.callComponentInDEV [as react-stack-bottom-frame] (C:\Users\RIYA\Sahara2.0\mobile\node_modules\react-dom\cjs\react-dom-server-legacy.node.development.js:8970:18)
  renderWithHooks (C:\Users\RIYA\Sahara2.0\mobile\node_modules\react-dom\cjs\react-dom-server-legacy.node.development.js:4699:19)
  run (C:\Users\RIYA\Sahara2.0\mobile\node_modules\react-dom\cjs\react-dom-server-legacy.node.development.js:5134:23)
  retryNode (C:\Users\RIYA\Sahara2.0\mobile\node_modules\react-dom\cjs\react-dom-server-legacy.node.development.js:5899:31)
λ  WARN  Layout children must be of type Screen, all other children are ignored. To use custom children, create a custom <Layout />. Update Layout Route at: "app/(tabs)/_layout" 
  console.warn (C:\Users\RIYA\Sahara2.0\mobile\node_modules\expo\node_modules\@expo\cli\src\start\server\serverLogLikeMetro.ts:161:21)
  flattenChild (C:\Users\RIYA\Sahara2.0\mobile\node_modules\expo-router\build\layouts\withLayoutContext.js:91:21)
  apply (C:\Users\RIYA\Sahara2.0\mobile\node_modules\expo-router\build\layouts\withLayoutContext.js:94:55)
  call (C:\Users\RIYA\Sahara2.0\mobile\node_modules\react\cjs\react.development.js:745:25)
  callback (C:\Users\RIYA\Sahara2.0\mobile\node_modules\react\cjs\react.development.js:455:21)
  mapIntoArray (C:\Users\RIYA\Sahara2.0\mobile\node_modules\react\cjs\react.development.js:356:20)
  mapIntoArray (C:\Users\RIYA\Sahara2.0\mobile\node_modules\react\cjs\react.development.js:401:32)
  mapChildren (C:\Users\RIYA\Sahara2.0\mobile\node_modules\react\cjs\react.development.js:454:7)
  Object.forEach (C:\Users\RIYA\Sahara2.0\mobile\node_modules\react\cjs\react.development.js:742:9)
  <unknown> (C:\Users\RIYA\Sahara2.0\mobile\node_modules\expo-router\build\layouts\withLayoutContext.js:94:26)
λ  WARN  Layout children must be of type Screen, all other children are ignored. To use custom children, create a custom <Layout />. Update Layout Route at: "app/(tabs)/_layout" 
  console.warn (C:\Users\RIYA\Sahara2.0\mobile\node_modules\expo\node_modules\@expo\cli\src\start\server\serverLogLikeMetro.ts:161:21)
  flattenChild (C:\Users\RIYA\Sahara2.0\mobile\node_modules\expo-router\build\layouts\withLayoutContext.js:91:21)
  apply (C:\Users\RIYA\Sahara2.0\mobile\node_modules\expo-router\build\layouts\withLayoutContext.js:94:55)
  call (C:\Users\RIYA\Sahara2.0\mobile\node_modules\react\cjs\react.development.js:745:25)
  callback (C:\Users\RIYA\Sahara2.0\mobile\node_modules\react\cjs\react.development.js:455:21)
  mapIntoArray (C:\Users\RIYA\Sahara2.0\mobile\node_modules\react\cjs\react.development.js:356:20)
  mapIntoArray (C:\Users\RIYA\Sahara2.0\mobile\node_modules\react\cjs\react.development.js:401:32)
  mapChildren (C:\Users\RIYA\Sahara2.0\mobile\node_modules\react\cjs\react.development.js:454:7)
  Object.forEach (C:\Users\RIYA\Sahara2.0\mobile\node_modules\react\cjs\react.development.js:742:9)
  <unknown> (C:\Users\RIYA\Sahara2.0\mobile\node_modules\expo-router\build\layouts\withLayoutContext.js:94:26)
λ  WARN  props.pointerEvents is deprecated. Use style.pointerEvents 
  console.warn (C:\Users\RIYA\Sahara2.0\mobile\node_modules\expo\node_modules\@expo\cli\src\start\server\serverLogLikeMetro.ts:161:21)
  warnOnce (C:\Users\RIYA\Sahara2.0\mobile\node_modules\react-native-web\dist\modules\warnOnce\index.js:24:13)
  createDOMProps (C:\Users\RIYA\Sahara2.0\mobile\node_modules\react-native-web\dist\modules\createDOMProps\index.js:805:13)
  createElement (C:\Users\RIYA\Sahara2.0\mobile\node_modules\react-native-web\dist\exports\createElement\index.js:23:32)
  Component (C:\Users\RIYA\Sahara2.0\mobile\node_modules\react-native-web\dist\exports\View\index.js:111:23)
  Object.callComponentInDEV [as react-stack-bottom-frame] (C:\Users\RIYA\Sahara2.0\mobile\node_modules\react-dom\cjs\react-dom-server-legacy.node.development.js:8970:18)
  renderWithHooks (C:\Users\RIYA\Sahara2.0\mobile\node_modules\react-dom\cjs\react-dom-server-legacy.node.development.js:4699:19)
  run (C:\Users\RIYA\Sahara2.0\mobile\node_modules\react-dom\cjs\react-dom-server-legacy.node.development.js:5539:39)
  retryNode (C:\Users\RIYA\Sahara2.0\mobile\node_modules\react-dom\cjs\react-dom-server-legacy.node.development.js:5899:31)
  renderNodeDestructive (C:\Users\RIYA\Sahara2.0\mobile\node_modules\react-dom\cjs\react-dom-server-legacy.node.development.js:5849:11)
"shadow*" style props are deprecated. Use "boxShadow".
λ  WARN  Route "./context/RoleContext.tsx" is missing the required default export. Ensure a React component is exported as default. 
  console.warn (C:\Users\RIYA\Sahara2.0\mobile\node_modules\expo\node_modules\@expo\cli\src\start\server\serverLogLikeMetro.ts:161:21)
  getDirectoryTree (C:\Users\RIYA\Sahara2.0\mobile\node_modules\expo-router\build\getRoutesCore.js:311:29)
  getRoutes (C:\Users\RIYA\Sahara2.0\mobile\node_modules\expo-router\build\getRoutesCore.js:23:27)
  getRoutes (C:\Users\RIYA\Sahara2.0\mobile\node_modules\expo-router\build\getRoutes.js:20:41)
  useStore (C:\Users\RIYA\Sahara2.0\mobile\node_modules\expo-router\build\global-state\router-store.js:141:48)
  Component (C:\Users\RIYA\Sahara2.0\mobile\node_modules\expo-router\build\ExpoRoot.js:128:46)
  Object.callComponentInDEV [as react-stack-bottom-frame] (C:\Users\RIYA\Sahara2.0\mobile\node_modules\react-dom\cjs\react-dom-server-legacy.node.development.js:8970:18)
  renderWithHooks (C:\Users\RIYA\Sahara2.0\mobile\node_modules\react-dom\cjs\react-dom-server-legacy.node.development.js:4699:19)
  run (C:\Users\RIYA\Sahara2.0\mobile\node_modules\react-dom\cjs\react-dom-server-legacy.node.development.js:5134:23)
  retryNode (C:\Users\RIYA\Sahara2.0\mobile\node_modules\react-dom\cjs\react-dom-server-legacy.node.development.js:5899:31)
λ  WARN  Layout children must be of type Screen, all other children are ignored. To use custom children, create a custom <Layout />. Update Layout Route at: "app/(tabs)/_layout" 
  console.warn (C:\Users\RIYA\Sahara2.0\mobile\node_modules\expo\node_modules\@expo\cli\src\start\server\serverLogLikeMetro.ts:161:21)
  flattenChild (C:\Users\RIYA\Sahara2.0\mobile\node_modules\expo-router\build\layouts\withLayoutContext.js:91:21)
  apply (C:\Users\RIYA\Sahara2.0\mobile\node_modules\expo-router\build\layouts\withLayoutContext.js:94:55)
  call (C:\Users\RIYA\Sahara2.0\mobile\node_modules\react\cjs\react.development.js:745:25)
  callback (C:\Users\RIYA\Sahara2.0\mobile\node_modules\react\cjs\react.development.js:455:21)
  mapIntoArray (C:\Users\RIYA\Sahara2.0\mobile\node_modules\react\cjs\react.development.js:356:20)
  mapIntoArray (C:\Users\RIYA\Sahara2.0\mobile\node_modules\react\cjs\react.development.js:401:32)
  mapChildren (C:\Users\RIYA\Sahara2.0\mobile\node_modules\react\cjs\react.development.js:454:7)
  Object.forEach (C:\Users\RIYA\Sahara2.0\mobile\node_modules\react\cjs\react.development.js:742:9)
  <unknown> (C:\Users\RIYA\Sahara2.0\mobile\node_modules\expo-router\build\layouts\withLayoutContext.js:94:26)
λ  WARN  Layout children must be of type Screen, all other children are ignored. To use custom children, create a custom <Layout />. Update Layout Route at: "app/(tabs)/_layout" 
  console.warn (C:\Users\RIYA\Sahara2.0\mobile\node_modules\expo\node_modules\@expo\cli\src\start\server\serverLogLikeMetro.ts:161:21)
  flattenChild (C:\Users\RIYA\Sahara2.0\mobile\node_modules\expo-router\build\layouts\withLayoutContext.js:91:21)
  apply (C:\Users\RIYA\Sahara2.0\mobile\node_modules\expo-router\build\layouts\withLayoutContext.js:94:55)
  call (C:\Users\RIYA\Sahara2.0\mobile\node_modules\react\cjs\react.development.js:745:25)
  callback (C:\Users\RIYA\Sahara2.0\mobile\node_modules\react\cjs\react.development.js:455:21)
  mapIntoArray (C:\Users\RIYA\Sahara2.0\mobile\node_modules\react\cjs\react.development.js:356:20)
  mapIntoArray (C:\Users\RIYA\Sahara2.0\mobile\node_modules\react\cjs\react.development.js:401:32)
  mapChildren (C:\Users\RIYA\Sahara2.0\mobile\node_modules\react\cjs\react.development.js:454:7)
  Object.forEach (C:\Users\RIYA\Sahara2.0\mobile\node_modules\react\cjs\react.development.js:742:9)
  <unknown> (C:\Users\RIYA\Sahara2.0\mobile\node_modules\expo-router\build\layouts\withLayoutContext.js:94:26)
λ  WARN  props.pointerEvents is deprecated. Use style.pointerEvents 
  console.warn (C:\Users\RIYA\Sahara2.0\mobile\node_modules\expo\node_modules\@expo\cli\src\start\server\serverLogLikeMetro.ts:161:21)
  warnOnce (C:\Users\RIYA\Sahara2.0\mobile\node_modules\react-native-web\dist\modules\warnOnce\index.js:24:13)
  createDOMProps (C:\Users\RIYA\Sahara2.0\mobile\node_modules\react-native-web\dist\modules\createDOMProps\index.js:805:13)
  createElement (C:\Users\RIYA\Sahara2.0\mobile\node_modules\react-native-web\dist\exports\createElement\index.js:23:32)
  Component (C:\Users\RIYA\Sahara2.0\mobile\node_modules\react-native-web\dist\exports\View\index.js:111:23)
  Object.callComponentInDEV [as react-stack-bottom-frame] (C:\Users\RIYA\Sahara2.0\mobile\node_modules\react-dom\cjs\react-dom-server-legacy.node.development.js:8970:18)
  renderWithHooks (C:\Users\RIYA\Sahara2.0\mobile\node_modules\react-dom\cjs\react-dom-server-legacy.node.development.js:4699:19)
  run (C:\Users\RIYA\Sahara2.0\mobile\node_modules\react-dom\cjs\react-dom-server-legacy.node.development.js:5539:39)
  retryNode (C:\Users\RIYA\Sahara2.0\mobile\node_modules\react-dom\cjs\react-dom-server-legacy.node.development.js:5899:31)
  renderNodeDestructive (C:\Users\RIYA\Sahara2.0\mobile\node_modules\react-dom\cjs\react-dom-server-legacy.node.development.js:5849:11)
Error: Cannot pipe to a closed or destroyed stream
    at pipelineImpl (node:internal/streams/pipeline:264:15)
    at node:stream/promises:31:5
    at new Promise (<anonymous>)
    at pipeline (node:stream/promises:20:10)
    at respond (C:\Users\RIYA\Sahara2.0\mobile\node_modules\expo-server\src\vendor\http.ts:138:19)
    at C:\Users\RIYA\Sahara2.0\mobile\node_modules\expo-server\src\vendor\http.ts:68:13
"shadow*" style props are deprecated. Use "boxShadow".
λ  WARN  Route "./context/RoleContext.tsx" is missing the required default export. Ensure a React component is exported as default. 
  console.warn (C:\Users\RIYA\Sahara2.0\mobile\node_modules\expo\node_modules\@expo\cli\src\start\server\serverLogLikeMetro.ts:161:21)
  getDirectoryTree (C:\Users\RIYA\Sahara2.0\mobile\node_modules\expo-router\build\getRoutesCore.js:311:29)
  getRoutes (C:\Users\RIYA\Sahara2.0\mobile\node_modules\expo-router\build\getRoutesCore.js:23:27)
  getRoutes (C:\Users\RIYA\Sahara2.0\mobile\node_modules\expo-router\build\getRoutes.js:20:41)
  useStore (C:\Users\RIYA\Sahara2.0\mobile\node_modules\expo-router\build\global-state\router-store.js:141:48)
  Component (C:\Users\RIYA\Sahara2.0\mobile\node_modules\expo-router\build\ExpoRoot.js:128:46)
  Object.callComponentInDEV [as react-stack-bottom-frame] (C:\Users\RIYA\Sahara2.0\mobile\node_modules\react-dom\cjs\react-dom-server-legacy.node.development.js:8970:18)
  renderWithHooks (C:\Users\RIYA\Sahara2.0\mobile\node_modules\react-dom\cjs\react-dom-server-legacy.node.development.js:4699:19)
  run (C:\Users\RIYA\Sahara2.0\mobile\node_modules\react-dom\cjs\react-dom-server-legacy.node.development.js:5134:23)
  retryNode (C:\Users\RIYA\Sahara2.0\mobile\node_modules\react-dom\cjs\react-dom-server-legacy.node.development.js:5899:31)
λ  WARN  Layout children must be of type Screen, all other children are ignored. To use custom children, create a custom <Layout />. Update Layout Route at: "app/(tabs)/_layout" 
  console.warn (C:\Users\RIYA\Sahara2.0\mobile\node_modules\expo\node_modules\@expo\cli\src\start\server\serverLogLikeMetro.ts:161:21)
  flattenChild (C:\Users\RIYA\Sahara2.0\mobile\node_modules\expo-router\build\layouts\withLayoutContext.js:91:21)
  apply (C:\Users\RIYA\Sahara2.0\mobile\node_modules\expo-router\build\layouts\withLayoutContext.js:94:55)
  call (C:\Users\RIYA\Sahara2.0\mobile\node_modules\react\cjs\react.development.js:745:25)
  callback (C:\Users\RIYA\Sahara2.0\mobile\node_modules\react\cjs\react.development.js:455:21)
  mapIntoArray (C:\Users\RIYA\Sahara2.0\mobile\node_modules\react\cjs\react.development.js:356:20)
  mapIntoArray (C:\Users\RIYA\Sahara2.0\mobile\node_modules\react\cjs\react.development.js:401:32)
  mapChildren (C:\Users\RIYA\Sahara2.0\mobile\node_modules\react\cjs\react.development.js:454:7)
  Object.forEach (C:\Users\RIYA\Sahara2.0\mobile\node_modules\react\cjs\react.development.js:742:9)
  <unknown> (C:\Users\RIYA\Sahara2.0\mobile\node_modules\expo-router\build\layouts\withLayoutContext.js:94:26)
λ  WARN  Layout children must be of type Screen, all other children are ignored. To use custom children, create a custom <Layout />. Update Layout Route at: "app/(tabs)/_layout" 
  console.warn (C:\Users\RIYA\Sahara2.0\mobile\node_modules\expo\node_modules\@expo\cli\src\start\server\serverLogLikeMetro.ts:161:21)
  flattenChild (C:\Users\RIYA\Sahara2.0\mobile\node_modules\expo-router\build\layouts\withLayoutContext.js:91:21)
  apply (C:\Users\RIYA\Sahara2.0\mobile\node_modules\expo-router\build\layouts\withLayoutContext.js:94:55)
  call (C:\Users\RIYA\Sahara2.0\mobile\node_modules\react\cjs\react.development.js:745:25)
  callback (C:\Users\RIYA\Sahara2.0\mobile\node_modules\react\cjs\react.development.js:455:21)
  mapIntoArray (C:\Users\RIYA\Sahara2.0\mobile\node_modules\react\cjs\react.development.js:356:20)
  mapIntoArray (C:\Users\RIYA\Sahara2.0\mobile\node_modules\react\cjs\react.development.js:401:32)
  mapChildren (C:\Users\RIYA\Sahara2.0\mobile\node_modules\react\cjs\react.development.js:454:7)
  Object.forEach (C:\Users\RIYA\Sahara2.0\mobile\node_modules\react\cjs\react.development.js:742:9)
  <unknown> (C:\Users\RIYA\Sahara2.0\mobile\node_modules\expo-router\build\layouts\withLayoutContext.js:94:26)
λ  WARN  props.pointerEvents is deprecated. Use style.pointerEvents 
  console.warn (C:\Users\RIYA\Sahara2.0\mobile\node_modules\expo\node_modules\@expo\cli\src\start\server\serverLogLikeMetro.ts:161:21)
  warnOnce (C:\Users\RIYA\Sahara2.0\mobile\node_modules\react-native-web\dist\modules\warnOnce\index.js:24:13)
  createDOMProps (C:\Users\RIYA\Sahara2.0\mobile\node_modules\react-native-web\dist\modules\createDOMProps\index.js:805:13)
  createElement (C:\Users\RIYA\Sahara2.0\mobile\node_modules\react-native-web\dist\exports\createElement\index.js:23:32)
  Component (C:\Users\RIYA\Sahara2.0\mobile\node_modules\react-native-web\dist\exports\View\index.js:111:23)
  Object.callComponentInDEV [as react-stack-bottom-frame] (C:\Users\RIYA\Sahara2.0\mobile\node_modules\react-dom\cjs\react-dom-server-legacy.node.development.js:8970:18)
  renderWithHooks (C:\Users\RIYA\Sahara2.0\mobile\node_modules\react-dom\cjs\react-dom-server-legacy.node.development.js:4699:19)
  run (C:\Users\RIYA\Sahara2.0\mobile\node_modules\react-dom\cjs\react-dom-server-legacy.node.development.js:5539:39)
  retryNode (C:\Users\RIYA\Sahara2.0\mobile\node_modules\react-dom\cjs\react-dom-server-legacy.node.development.js:5899:31)
  renderNodeDestructive (C:\Users\RIYA\Sahara2.0\mobile\node_modules\react-dom\cjs\react-dom-server-legacy.node.development.js:5849:11)
"shadow*" style props are deprecated. Use "boxShadow".
λ  WARN  Route "./context/RoleContext.tsx" is missing the required default export. Ensure a React component is exported as default. 
  console.warn (C:\Users\RIYA\Sahara2.0\mobile\node_modules\expo\node_modules\@expo\cli\src\start\server\serverLogLikeMetro.ts:161:21)
  getDirectoryTree (C:\Users\RIYA\Sahara2.0\mobile\node_modules\expo-router\build\getRoutesCore.js:311:29)
  getRoutes (C:\Users\RIYA\Sahara2.0\mobile\node_modules\expo-router\build\getRoutesCore.js:23:27)
  getRoutes (C:\Users\RIYA\Sahara2.0\mobile\node_modules\expo-router\build\getRoutes.js:20:41)
  useStore (C:\Users\RIYA\Sahara2.0\mobile\node_modules\expo-router\build\global-state\router-store.js:141:48)
  Component (C:\Users\RIYA\Sahara2.0\mobile\node_modules\expo-router\build\ExpoRoot.js:128:46)
  Object.callComponentInDEV [as react-stack-bottom-frame] (C:\Users\RIYA\Sahara2.0\mobile\node_modules\react-dom\cjs\react-dom-server-legacy.node.development.js:8970:18)
  renderWithHooks (C:\Users\RIYA\Sahara2.0\mobile\node_modules\react-dom\cjs\react-dom-server-legacy.node.development.js:4699:19)
  run (C:\Users\RIYA\Sahara2.0\mobile\node_modules\react-dom\cjs\react-dom-server-legacy.node.development.js:5134:23)
  retryNode (C:\Users\RIYA\Sahara2.0\mobile\node_modules\react-dom\cjs\react-dom-server-legacy.node.development.js:5899:31)
λ  WARN  Layout children must be of type Screen, all other children are ignored. To use custom children, create a custom <Layout />. Update Layout Route at: "app/(tabs)/_layout" 
  console.warn (C:\Users\RIYA\Sahara2.0\mobile\node_modules\expo\node_modules\@expo\cli\src\start\server\serverLogLikeMetro.ts:161:21)
  flattenChild (C:\Users\RIYA\Sahara2.0\mobile\node_modules\expo-router\build\layouts\withLayoutContext.js:91:21)
  apply (C:\Users\RIYA\Sahara2.0\mobile\node_modules\expo-router\build\layouts\withLayoutContext.js:94:55)
  call (C:\Users\RIYA\Sahara2.0\mobile\node_modules\react\cjs\react.development.js:745:25)
  callback (C:\Users\RIYA\Sahara2.0\mobile\node_modules\react\cjs\react.development.js:455:21)
  mapIntoArray (C:\Users\RIYA\Sahara2.0\mobile\node_modules\react\cjs\react.development.js:356:20)
  mapIntoArray (C:\Users\RIYA\Sahara2.0\mobile\node_modules\react\cjs\react.development.js:401:32)
  mapChildren (C:\Users\RIYA\Sahara2.0\mobile\node_modules\react\cjs\react.development.js:454:7)
  Object.forEach (C:\Users\RIYA\Sahara2.0\mobile\node_modules\react\cjs\react.development.js:742:9)
  <unknown> (C:\Users\RIYA\Sahara2.0\mobile\node_modules\expo-router\build\layouts\withLayoutContext.js:94:26)
λ  WARN  Layout children must be of type Screen, all other children are ignored. To use custom children, create a custom <Layout />. Update Layout Route at: "app/(tabs)/_layout" 
  console.warn (C:\Users\RIYA\Sahara2.0\mobile\node_modules\expo\node_modules\@expo\cli\src\start\server\serverLogLikeMetro.ts:161:21)
  flattenChild (C:\Users\RIYA\Sahara2.0\mobile\node_modules\expo-router\build\layouts\withLayoutContext.js:91:21)
  apply (C:\Users\RIYA\Sahara2.0\mobile\node_modules\expo-router\build\layouts\withLayoutContext.js:94:55)
  call (C:\Users\RIYA\Sahara2.0\mobile\node_modules\react\cjs\react.development.js:745:25)
  callback (C:\Users\RIYA\Sahara2.0\mobile\node_modules\react\cjs\react.development.js:455:21)
  mapIntoArray (C:\Users\RIYA\Sahara2.0\mobile\node_modules\react\cjs\react.development.js:356:20)
  mapIntoArray (C:\Users\RIYA\Sahara2.0\mobile\node_modules\react\cjs\react.development.js:401:32)
  mapChildren (C:\Users\RIYA\Sahara2.0\mobile\node_modules\react\cjs\react.development.js:454:7)
  Object.forEach (C:\Users\RIYA\Sahara2.0\mobile\node_modules\react\cjs\react.development.js:742:9)
  <unknown> (C:\Users\RIYA\Sahara2.0\mobile\node_modules\expo-router\build\layouts\withLayoutContext.js:94:26)
λ  WARN  props.pointerEvents is deprecated. Use style.pointerEvents 
  console.warn (C:\Users\RIYA\Sahara2.0\mobile\node_modules\expo\node_modules\@expo\cli\src\start\server\serverLogLikeMetro.ts:161:21)
  warnOnce (C:\Users\RIYA\Sahara2.0\mobile\node_modules\react-native-web\dist\modules\warnOnce\index.js:24:13)
  createDOMProps (C:\Users\RIYA\Sahara2.0\mobile\node_modules\react-native-web\dist\modules\createDOMProps\index.js:805:13)
  createElement (C:\Users\RIYA\Sahara2.0\mobile\node_modules\react-native-web\dist\exports\createElement\index.js:23:32)
  Component (C:\Users\RIYA\Sahara2.0\mobile\node_modules\react-native-web\dist\exports\View\index.js:111:23)
  Object.callComponentInDEV [as react-stack-bottom-frame] (C:\Users\RIYA\Sahara2.0\mobile\node_modules\react-dom\cjs\react-dom-server-legacy.node.development.js:8970:18)
  renderWithHooks (C:\Users\RIYA\Sahara2.0\mobile\node_modules\react-dom\cjs\react-dom-server-legacy.node.development.js:4699:19)
  run (C:\Users\RIYA\Sahara2.0\mobile\node_modules\react-dom\cjs\react-dom-server-legacy.node.development.js:5539:39)
  retryNode (C:\Users\RIYA\Sahara2.0\mobile\node_modules\react-dom\cjs\react-dom-server-legacy.node.development.js:5899:31)
  renderNodeDestructive (C:\Users\RIYA\Sahara2.0\mobile\node_modules\react-dom\cjs\react-dom-server-legacy.node.development.js:5849:11)
